// Jest Snapshot v1, https://goo.gl/fbAQLP

exports[`simple query dependency logic 1`] = `
Array [
  Object {
    "name": "contract",
    "type": Object {
      "name": "Contract",
      "param": Array [
        Object {
          "key": "foo",
        },
      ],
    },
  },
  Object {
    "name": "config",
    "type": Object {
      "name": "IopList",
      "param": Array [
        Object {
          "key": "sceneCode",
          "value": Array [
            "$sceneCodeMap",
            "$$contract.planNo",
          ],
        },
      ],
    },
  },
  Object {
    "name": "data",
    "type": Object {
      "name": "IopData",
      "param": Array [
        Object {
          "key": "$if",
          "value": "\\"contract.name > 1 || contract.id === 12\\"",
        },
        Object {
          "key": "bar",
          "value": "'a > 1'",
        },
      ],
    },
  },
]
`;

exports[`simple query no comma support 1`] = `
Array [
  Object {
    "name": "$root",
    "props": Array [
      Object {
        "field": "member",
        "name": "honourMember",
      },
      Object {
        "name": "payerStatus",
      },
    ],
    "type": Object {
      "name": "Member",
    },
  },
  Object {
    "name": "foo",
    "type": Object {
      "name": "All",
    },
  },
  Object {
    "name": "clause",
    "type": Object {
      "name": "Fengdie",
      "param": Array [
        Object {
          "key": "path",
          "value": "insmutual_clause",
        },
        Object {
          "key": "base",
          "value": "$foo",
        },
      ],
    },
  },
  Object {
    "name": "latest",
    "type": Object {
      "name": "Fengdie",
      "param": Array [
        Object {
          "key": "insxhbbff_old_upgrade",
        },
      ],
    },
  },
]
`;

exports[`simple query ok 1`] = `
Array [
  Object {
    "name": "$root",
    "props": Array [
      Object {
        "field": "member",
        "name": "honourMember",
      },
      Object {
        "name": "payerStatus",
      },
    ],
    "type": Object {
      "name": "Member",
    },
  },
  Object {
    "name": "foo",
    "type": Object {
      "name": "All",
    },
  },
  Object {
    "name": "_foo",
    "props": Array [
      Object {
        "name": "a",
      },
    ],
    "type": Object {
      "name": "None",
      "param": Array [
        Object {
          "key": "$$data",
        },
      ],
    },
  },
  Object {
    "name": "clause",
    "type": Object {
      "force": true,
      "name": "Fengdie",
      "param": Array [
        Object {
          "key": "path",
          "value": "insmutual_clause",
        },
        Object {
          "key": "base",
          "value": "$foo",
        },
      ],
    },
  },
  Object {
    "name": "latest",
    "type": Object {
      "name": "Fengdie",
      "param": Array [
        Object {
          "key": "insxhbbff_old_upgrade",
        },
      ],
    },
  },
]
`;

exports[`simple query old patten 1`] = `
Array [
  Object {
    "name": "root",
    "props": Array [
      Object {
        "name": "honourMember",
      },
      Object {
        "name": "payerStatus",
      },
    ],
    "type": Object {
      "name": "Member",
    },
  },
  Object {
    "name": "foo",
    "type": Object {
      "name": "All",
    },
  },
  Object {
    "name": "clause",
    "props": Array [
      Object {
        "field": "insmutual_clause",
        "name": "clause",
      },
      Object {
        "field": "insxhbbff_old_upgrade",
        "name": "latest",
      },
    ],
    "type": Object {
      "name": "Fengdie",
    },
  },
]
`;

exports[`simple query processor support 1`] = `
Array [
  Object {
    "name": "contract",
    "props": Array [
      Object {
        "name": "a",
      },
      Object {
        "name": "b",
      },
    ],
    "type": Object {
      "name": "ContractList",
      "processors": Array [
        Object {
          "name": "get",
          "params": Array [
            "model.dataList",
            "abc",
          ],
        },
        Object {
          "name": "filter",
          "params": Array [
            "$filter",
          ],
        },
        Object {
          "name": "sort",
          "params": Array [
            "$sort",
          ],
        },
        Object {
          "name": "get",
          "params": Array [
            "\\"a > 0\\"",
          ],
        },
      ],
    },
  },
  Object {
    "name": "clauseList",
    "type": Object {
      "name": "Fengdie",
      "param": Array [
        Object {
          "key": "insmutual_clause",
        },
      ],
      "processors": Array [
        Object {
          "name": "assign",
          "params": Array [],
        },
        Object {
          "name": "map",
          "params": Array [
            "$data",
          ],
        },
      ],
    },
  },
]
`;
